node_modules/framer-motion/dist/types.d-DOCC-kZB.d.ts(50,16): error TS2503: Cannot find namespace 'React'.
node_modules/framer-motion/dist/types.d-DOCC-kZB.d.ts(172,14): error TS2552: Cannot find name 'HTMLWebViewElement'. Did you mean 'HTMLVideoElement'?
node_modules/framer-motion/dist/types.d-DOCC-kZB.d.ts(208,45): error TS2503: Cannot find namespace 'React'.
node_modules/framer-motion/dist/types/index.d.ts(1,23): error TS2688: Cannot find type definition file for 'react'.
node_modules/framer-motion/dist/types/index.d.ts(251,131): error TS2503: Cannot find namespace 'React'.
node_modules/framer-motion/dist/types/index.d.ts(304,16): error TS2503: Cannot find namespace 'React'.
node_modules/framer-motion/dist/types/index.d.ts(1293,47): error TS2503: Cannot find namespace 'React'.
node_modules/framer-motion/dist/types/index.d.ts(1301,51): error TS2503: Cannot find namespace 'React'.
node_modules/framer-motion/dist/types/index.d.ts(1301,82): error TS2503: Cannot find namespace 'React'.
node_modules/goober/goober.d.ts(14,26): error TS2503: Cannot find namespace 'React'.
node_modules/goober/goober.d.ts(18,13): error TS2503: Cannot find namespace 'React'.
node_modules/goober/goober.d.ts(18,51): error TS2503: Cannot find namespace 'React'.
node_modules/goober/goober.d.ts(32,25): error TS2503: Cannot find namespace 'React'.
node_modules/goober/goober.d.ts(36,20): error TS2503: Cannot find namespace 'React'.
node_modules/goober/goober.d.ts(36,40): error TS2503: Cannot find namespace 'React'.
node_modules/goober/goober.d.ts(44,21): error TS2503: Cannot find namespace 'React'.
node_modules/goober/goober.d.ts(45,13): error TS2503: Cannot find namespace 'React'.
node_modules/goober/goober.d.ts(45,51): error TS2503: Cannot find namespace 'React'.
node_modules/react-hot-toast/dist/index.d.ts(7,19): error TS2503: Cannot find namespace 'React'.
node_modules/react-hot-toast/dist/index.d.ts(46,22): error TS2503: Cannot find namespace 'React'.
node_modules/react-hot-toast/dist/index.d.ts(49,34): error TS2503: Cannot find namespace 'React'.
node_modules/react-router-dom/dist/index.d.ts(1,69): error TS2307: Cannot find module 'react-router/dom' or its corresponding type declarations.
  There are types at 'C:/Users/ppaul/Downloads/pmj---educacional (1)/node_modules/react-router/dist/development/dom-export.d.mts', but this result could not be resolved under your current 'moduleResolution' setting. Consider updating to 'node16', 'nodenext', or 'bundler'.
node_modules/react-router/dist/development/instrumentation--6Pioq_G.d.ts(413,5): error TS18028: Private identifiers are only available when targeting ECMAScript 2015 and higher.
src/lib/supabase.ts(3,21): error TS1343: The 'import.meta' meta-property is only allowed when the '--module' option is 'es2020', 'es2022', 'esnext', 'system', 'node16', 'node18', or 'nodenext'.
src/lib/supabase.ts(3,33): error TS2339: Property 'env' does not exist on type 'ImportMeta'.
src/lib/supabase.ts(4,25): error TS1343: The 'import.meta' meta-property is only allowed when the '--module' option is 'es2020', 'es2022', 'esnext', 'system', 'node16', 'node18', or 'nodenext'.
src/lib/supabase.ts(4,37): error TS2339: Property 'env' does not exist on type 'ImportMeta'.
src/pages/PreRegistrationForm.tsx(96,5): error TS17004: Cannot use JSX unless the '--jsx' flag is provided.
src/pages/PreRegistrationForm.tsx(97,7): error TS17004: Cannot use JSX unless the '--jsx' flag is provided.
src/pages/PreRegistrationForm.tsx(102,9): error TS17004: Cannot use JSX unless the '--jsx' flag is provided.
src/pages/PreRegistrationForm.tsx(103,14): error TS17004: Cannot use JSX unless the '--jsx' flag is provided.
src/pages/PreRegistrationForm.tsx(104,19): error TS17004: Cannot use JSX unless the '--jsx' flag is provided.
src/pages/PreRegistrationForm.tsx(106,14): error TS17004: Cannot use JSX unless the '--jsx' flag is provided.
src/pages/PreRegistrationForm.tsx(107,19): error TS17004: Cannot use JSX unless the '--jsx' flag is provided.
src/pages/PreRegistrationForm.tsx(111,9): error TS17004: Cannot use JSX unless the '--jsx' flag is provided.
src/pages/PreRegistrationForm.tsx(112,14): error TS17004: Cannot use JSX unless the '--jsx' flag is provided.
src/pages/PreRegistrationForm.tsx(113,14): error TS17004: Cannot use JSX unless the '--jsx' flag is provided.
src/pages/PreRegistrationForm.tsx(117,9): error TS17004: Cannot use JSX unless the '--jsx' flag is provided.
src/pages/PreRegistrationForm.tsx(118,14): error TS17004: Cannot use JSX unless the '--jsx' flag is provided.
src/pages/PreRegistrationForm.tsx(126,19): error TS17004: Cannot use JSX unless the '--jsx' flag is provided.
src/pages/PreRegistrationForm.tsx(128,14): error TS17004: Cannot use JSX unless the '--jsx' flag is provided.
src/pages/PreRegistrationForm.tsx(140,9): error TS17004: Cannot use JSX unless the '--jsx' flag is provided.
src/pages/PreRegistrationForm.tsx(142,17): error TS17004: Cannot use JSX unless the '--jsx' flag is provided.
src/pages/PreRegistrationForm.tsx(143,22): error TS17004: Cannot use JSX unless the '--jsx' flag is provided.
src/pages/PreRegistrationForm.tsx(144,27): error TS17004: Cannot use JSX unless the '--jsx' flag is provided.
src/pages/PreRegistrationForm.tsx(145,27): error TS17004: Cannot use JSX unless the '--jsx' flag is provided.
src/pages/PreRegistrationForm.tsx(146,32): error TS17004: Cannot use JSX unless the '--jsx' flag is provided.
src/pages/PreRegistrationForm.tsx(147,32): error TS17004: Cannot use JSX unless the '--jsx' flag is provided.
src/pages/PreRegistrationForm.tsx(148,37): error TS17004: Cannot use JSX unless the '--jsx' flag is provided.
src/pages/PreRegistrationForm.tsx(149,37): error TS17004: Cannot use JSX unless the '--jsx' flag is provided.
src/pages/PreRegistrationForm.tsx(152,27): error TS17004: Cannot use JSX unless the '--jsx' flag is provided.
src/pages/PreRegistrationForm.tsx(153,32): error TS17004: Cannot use JSX unless the '--jsx' flag is provided.
src/pages/PreRegistrationForm.tsx(154,37): error TS17004: Cannot use JSX unless the '--jsx' flag is provided.
src/pages/PreRegistrationForm.tsx(155,37): error TS17004: Cannot use JSX unless the '--jsx' flag is provided.
src/pages/PreRegistrationForm.tsx(157,32): error TS17004: Cannot use JSX unless the '--jsx' flag is provided.
src/pages/PreRegistrationForm.tsx(158,37): error TS17004: Cannot use JSX unless the '--jsx' flag is provided.
src/pages/PreRegistrationForm.tsx(159,37): error TS17004: Cannot use JSX unless the '--jsx' flag is provided.
src/pages/PreRegistrationForm.tsx(162,27): error TS17004: Cannot use JSX unless the '--jsx' flag is provided.
src/pages/PreRegistrationForm.tsx(163,32): error TS17004: Cannot use JSX unless the '--jsx' flag is provided.
src/pages/PreRegistrationForm.tsx(164,37): error TS17004: Cannot use JSX unless the '--jsx' flag is provided.
src/pages/PreRegistrationForm.tsx(165,37): error TS17004: Cannot use JSX unless the '--jsx' flag is provided.
src/pages/PreRegistrationForm.tsx(166,42): error TS17004: Cannot use JSX unless the '--jsx' flag is provided.
src/pages/PreRegistrationForm.tsx(167,42): error TS17004: Cannot use JSX unless the '--jsx' flag is provided.
src/pages/PreRegistrationForm.tsx(167,84): error TS17004: Cannot use JSX unless the '--jsx' flag is provided.
src/pages/PreRegistrationForm.tsx(167,130): error TS17004: Cannot use JSX unless the '--jsx' flag is provided.
src/pages/PreRegistrationForm.tsx(168,42): error TS17004: Cannot use JSX unless the '--jsx' flag is provided.
src/pages/PreRegistrationForm.tsx(168,95): error TS17004: Cannot use JSX unless the '--jsx' flag is provided.
src/pages/PreRegistrationForm.tsx(171,32): error TS17004: Cannot use JSX unless the '--jsx' flag is provided.
src/pages/PreRegistrationForm.tsx(172,37): error TS17004: Cannot use JSX unless the '--jsx' flag is provided.
src/pages/PreRegistrationForm.tsx(173,37): error TS17004: Cannot use JSX unless the '--jsx' flag is provided.
src/pages/PreRegistrationForm.tsx(174,42): error TS17004: Cannot use JSX unless the '--jsx' flag is provided.
src/pages/PreRegistrationForm.tsx(175,64): error TS17004: Cannot use JSX unless the '--jsx' flag is provided.
src/pages/PreRegistrationForm.tsx(180,22): error TS17004: Cannot use JSX unless the '--jsx' flag is provided.
src/pages/PreRegistrationForm.tsx(181,27): error TS17004: Cannot use JSX unless the '--jsx' flag is provided.
src/pages/PreRegistrationForm.tsx(182,27): error TS17004: Cannot use JSX unless the '--jsx' flag is provided.
src/pages/PreRegistrationForm.tsx(183,32): error TS17004: Cannot use JSX unless the '--jsx' flag is provided.
src/pages/PreRegistrationForm.tsx(184,32): error TS17004: Cannot use JSX unless the '--jsx' flag is provided.
src/pages/PreRegistrationForm.tsx(186,27): error TS17004: Cannot use JSX unless the '--jsx' flag is provided.
src/pages/PreRegistrationForm.tsx(187,32): error TS17004: Cannot use JSX unless the '--jsx' flag is provided.
src/pages/PreRegistrationForm.tsx(188,32): error TS17004: Cannot use JSX unless the '--jsx' flag is provided.
src/pages/PreRegistrationForm.tsx(189,37): error TS17004: Cannot use JSX unless the '--jsx' flag is provided.
src/pages/PreRegistrationForm.tsx(190,37): error TS17004: Cannot use JSX unless the '--jsx' flag is provided.
src/pages/PreRegistrationForm.tsx(195,22): error TS17004: Cannot use JSX unless the '--jsx' flag is provided.
src/pages/PreRegistrationForm.tsx(200,17): error TS17004: Cannot use JSX unless the '--jsx' flag is provided.
src/pages/PreRegistrationForm.tsx(201,22): error TS17004: Cannot use JSX unless the '--jsx' flag is provided.
src/pages/PreRegistrationForm.tsx(202,27): error TS17004: Cannot use JSX unless the '--jsx' flag is provided.
src/pages/PreRegistrationForm.tsx(203,32): error TS17004: Cannot use JSX unless the '--jsx' flag is provided.
src/pages/PreRegistrationForm.tsx(204,32): error TS17004: Cannot use JSX unless the '--jsx' flag is provided.
src/pages/PreRegistrationForm.tsx(206,27): error TS17004: Cannot use JSX unless the '--jsx' flag is provided.
src/pages/PreRegistrationForm.tsx(211,22): error TS17004: Cannot use JSX unless the '--jsx' flag is provided.
src/pages/PreRegistrationForm.tsx(213,32): error TS17004: Cannot use JSX unless the '--jsx' flag is provided.
src/pages/PreRegistrationForm.tsx(214,37): error TS17004: Cannot use JSX unless the '--jsx' flag is provided.
src/pages/PreRegistrationForm.tsx(215,42): error TS17004: Cannot use JSX unless the '--jsx' flag is provided.
src/pages/PreRegistrationForm.tsx(216,47): error TS17004: Cannot use JSX unless the '--jsx' flag is provided.
src/pages/PreRegistrationForm.tsx(217,47): error TS17004: Cannot use JSX unless the '--jsx' flag is provided.
src/pages/PreRegistrationForm.tsx(217,113): error TS17004: Cannot use JSX unless the '--jsx' flag is provided.
src/pages/PreRegistrationForm.tsx(219,42): error TS17004: Cannot use JSX unless the '--jsx' flag is provided.
src/pages/PreRegistrationForm.tsx(226,37): error TS17004: Cannot use JSX unless the '--jsx' flag is provided.
src/pages/PreRegistrationForm.tsx(227,42): error TS17004: Cannot use JSX unless the '--jsx' flag is provided.
src/pages/PreRegistrationForm.tsx(227,84): error TS17004: Cannot use JSX unless the '--jsx' flag is provided.
src/pages/PreRegistrationForm.tsx(228,42): error TS17004: Cannot use JSX unless the '--jsx' flag is provided.
src/pages/PreRegistrationsPage.tsx(2,24): error TS6142: Module '../components/Header' was resolved to 'C:/Users/ppaul/Downloads/pmj---educacional (1)/src/components/Header.tsx', but '--jsx' is not set.
src/pages/PreRegistrationsPage.tsx(68,5): error TS17004: Cannot use JSX unless the '--jsx' flag is provided.
src/pages/PreRegistrationsPage.tsx(69,7): error TS17004: Cannot use JSX unless the '--jsx' flag is provided.
src/pages/PreRegistrationsPage.tsx(70,7): error TS17004: Cannot use JSX unless the '--jsx' flag is provided.
src/pages/PreRegistrationsPage.tsx(71,9): error TS17004: Cannot use JSX unless the '--jsx' flag is provided.
src/pages/PreRegistrationsPage.tsx(72,11): error TS17004: Cannot use JSX unless the '--jsx' flag is provided.
src/pages/PreRegistrationsPage.tsx(73,13): error TS17004: Cannot use JSX unless the '--jsx' flag is provided.
src/pages/PreRegistrationsPage.tsx(75,11): error TS17004: Cannot use JSX unless the '--jsx' flag is provided.
src/pages/PreRegistrationsPage.tsx(78,9): error TS17004: Cannot use JSX unless the '--jsx' flag is provided.
src/pages/PreRegistrationsPage.tsx(79,12): error TS17004: Cannot use JSX unless the '--jsx' flag is provided.
src/pages/PreRegistrationsPage.tsx(80,16): error TS17004: Cannot use JSX unless the '--jsx' flag is provided.
src/pages/PreRegistrationsPage.tsx(87,16): error TS17004: Cannot use JSX unless the '--jsx' flag is provided.
src/pages/PreRegistrationsPage.tsx(92,14): error TS17004: Cannot use JSX unless the '--jsx' flag is provided.
src/pages/PreRegistrationsPage.tsx(94,14): error TS17004: Cannot use JSX unless the '--jsx' flag is provided.
src/pages/PreRegistrationsPage.tsx(95,19): error TS17004: Cannot use JSX unless the '--jsx' flag is provided.
src/pages/PreRegistrationsPage.tsx(96,24): error TS17004: Cannot use JSX unless the '--jsx' flag is provided.
src/pages/PreRegistrationsPage.tsx(97,29): error TS17004: Cannot use JSX unless the '--jsx' flag is provided.
src/pages/PreRegistrationsPage.tsx(98,34): error TS17004: Cannot use JSX unless the '--jsx' flag is provided.
src/pages/PreRegistrationsPage.tsx(99,34): error TS17004: Cannot use JSX unless the '--jsx' flag is provided.
src/pages/PreRegistrationsPage.tsx(100,34): error TS17004: Cannot use JSX unless the '--jsx' flag is provided.
src/pages/PreRegistrationsPage.tsx(101,34): error TS17004: Cannot use JSX unless the '--jsx' flag is provided.
src/pages/PreRegistrationsPage.tsx(102,34): error TS17004: Cannot use JSX unless the '--jsx' flag is provided.
src/pages/PreRegistrationsPage.tsx(105,24): error TS17004: Cannot use JSX unless the '--jsx' flag is provided.
src/pages/PreRegistrationsPage.tsx(107,34): error TS17004: Cannot use JSX unless the '--jsx' flag is provided.
src/pages/PreRegistrationsPage.tsx(108,39): error TS17004: Cannot use JSX unless the '--jsx' flag is provided.
src/pages/PreRegistrationsPage.tsx(109,44): error TS17004: Cannot use JSX unless the '--jsx' flag is provided.
src/pages/PreRegistrationsPage.tsx(110,49): error TS17004: Cannot use JSX unless the '--jsx' flag is provided.
src/pages/PreRegistrationsPage.tsx(110,129): error TS17004: Cannot use JSX unless the '--jsx' flag is provided.
src/pages/PreRegistrationsPage.tsx(111,49): error TS17004: Cannot use JSX unless the '--jsx' flag is provided.
src/pages/PreRegistrationsPage.tsx(111,122): error TS17004: Cannot use JSX unless the '--jsx' flag is provided.
src/pages/PreRegistrationsPage.tsx(114,39): error TS17004: Cannot use JSX unless the '--jsx' flag is provided.
src/pages/PreRegistrationsPage.tsx(115,39): error TS17004: Cannot use JSX unless the '--jsx' flag is provided.
src/pages/PreRegistrationsPage.tsx(115,117): error TS17004: Cannot use JSX unless the '--jsx' flag is provided.
src/pages/PreRegistrationsPage.tsx(116,39): error TS17004: Cannot use JSX unless the '--jsx' flag is provided.
src/pages/PreRegistrationsPage.tsx(117,45): error TS17004: Cannot use JSX unless the '--jsx' flag is provided.
src/pages/PreRegistrationsPage.tsx(124,39): error TS17004: Cannot use JSX unless the '--jsx' flag is provided.
src/pages/PreRegistrationsPage.tsx(126,49): error TS17004: Cannot use JSX unless the '--jsx' flag is provided.
src/pages/PreRegistrationsPage.tsx(127,54): error TS17004: Cannot use JSX unless the '--jsx' flag is provided.
src/pages/PreRegistrationsPage.tsx(127,237): error TS17004: Cannot use JSX unless the '--jsx' flag is provided.
src/pages/PreRegistrationsPage.tsx(128,54): error TS17004: Cannot use JSX unless the '--jsx' flag is provided.
src/pages/PreRegistrationsPage.tsx(128,232): error TS17004: Cannot use JSX unless the '--jsx' flag is provided.
src/pages/PreRegistrationsPage.tsx(138,14): error TS17004: Cannot use JSX unless the '--jsx' flag is provided.
